../Core/Src/main.c:85:6:captureSamples	16	static
../Core/Src/main.c:98:7:calculateMean	16	static
../Core/Src/main.c:109:7:estimateFrequency	24	static
../Core/Src/main.c:124:6:printResults	128	static
../Core/Src/main.c:155:5:main	24	static
../Core/Src/main.c:219:6:SystemClock_Config	96	static
../Core/Src/main.c:280:13:MX_ADC1_Init	32	static
../Core/Src/main.c:338:13:MX_USART2_UART_Init	8	static
../Core/Src/main.c:373:13:MX_GPIO_Init	40	static
../Core/Src/main.c:406:6:Error_Handler	4	static,ignoring_inline_asm
