../Core/Src/main.c:89:6:HAL_ADC_ConvCpltCallback	16	static
../Core/Src/main.c:95:6:HAL_UART_RxCpltCallback	16	static
../Core/Src/main.c:119:5:main	24	static
../Core/Src/main.c:203:6:SystemClock_Config	96	static
../Core/Src/main.c:264:13:MX_ADC1_Init	32	static
../Core/Src/main.c:331:13:MX_TIM6_Init	24	static
../Core/Src/main.c:369:13:MX_USART2_UART_Init	8	static
../Core/Src/main.c:402:13:MX_DMA_Init	16	static
../Core/Src/main.c:420:13:MX_GPIO_Init	40	static
../Core/Src/main.c:453:6:Error_Handler	4	static,ignoring_inline_asm
