../Core/Src/main.c:76:7:calculateMean	24	static
../Core/Src/main.c:86:7:calculateFrequency	32	static
../Core/Src/main.c:102:6:HAL_TIM_PeriodElapsedCallback	24	static
../Core/Src/main.c:129:6:printResults	160	static
../Core/Src/main.c:150:5:main	16	static
../Core/Src/main.c:212:6:SystemClock_Config	96	static
../Core/Src/main.c:273:13:MX_ADC1_Init	32	static
../Core/Src/main.c:330:13:MX_TIM6_Init	24	static
../Core/Src/main.c:368:13:MX_USART2_UART_Init	8	static
../Core/Src/main.c:403:13:MX_GPIO_Init	40	static
../Core/Src/main.c:436:6:Error_Handler	4	static,ignoring_inline_asm
